[EventPayload] addAttribute key event.type is reserved. Custom data will be removed! { key: 'event.type' }
[EventPayload] addAttribute key event.type is reserved. Custom data will be removed! { key: 'event.type' }
- Building your app
- 
/ Building your app
/ Creating bundles...
\ Building ui...
√ Creating bundles...
- Building your app
√ Built the app
- Compressing app artifact
- 
- Building your app
- Creating bundles...
- 
\ Compressing app artifact
\ Validating manifest
√ Validating manifest
- Compressing app artifact
√ Compressed app artifact
- Deploying the app
[EventPayload] addAttribute key event.type is reserved. Custom data will be removed! { key: 'event.type' }
√ App is deployed
